// Jest Snapshot v1, https://goo.gl/fbAQLP

exports[`GET event returns error 1`] = `
Object {
  "error": null,
  "result": Object {
    "body": "{\\"errors\\":[{\\"key\\":\\"exception\\",\\"message\\":\\"Error: Improperly formatted event\\"}]}",
    "headers": Object {
      "Content-Type": "application/json",
    },
    "statusCode": 500,
  },
}
`;

exports[`no event returns error 1`] = `
Object {
  "error": null,
  "result": Object {
    "body": "{\\"errors\\":[{\\"key\\":\\"exception\\",\\"message\\":\\"Error: Improperly formatted event\\"}]}",
    "headers": Object {
      "Content-Type": "application/json",
    },
    "statusCode": 500,
  },
}
`;
